=== CROSS-LAYER REPLAY AUDIT REPORT ===
Timestamp: 2026-05-25T19:37:00+05:30
Engine: deterministic_validation_engine/src/cross_layer_verifier.py
Audit Mode: Multi-layer trace integrity and replay consistency verification

━━━━━━━━━━━━━━━━━━━━━━━━━━━━━━━━━━━━━━━━━━━━━━━━━━━━━━━━━━━━━━━━━━━━━━━━━━━━━

LAYER TOPOLOGY UNDER AUDIT
─────────────────────────────────────────────────────────────────────────────────

  SETU (Input)
    → KESHAV Intelligence    (keshavrRedesign-main/analyzer/analyze_blockage.py)
    → RAJYA Decision         (keshavrRedesign-main/tantra/rajya.py)
    → Sarathi Enforcement    (keshavrRedesign-main/tantra/sarathi.py)
    → Core Execution         (keshavrRedesign-main/tantra/core.py)
    → Bucket Truth           (keshavrRedesign-main/tantra/bucket.py)
    → InsightFlow Observ.    (keshavrRedesign-main/tantra/insightflow.py)

━━━━━━━━━━━━━━━━━━━━━━━━━━━━━━━━━━━━━━━━━━━━━━━━━━━━━━━━━━━━━━━━━━━━━━━━━━━━━

AUDIT 1 — Trace Continuity Verification (Success Path)
─────────────────────────────────────────────────────────────────────────────────

  Input trace_id: trace-999
  Expected: trace-999 at every layer boundary

  Layer: keshav_output   ... trace_id = trace-999 ... ✅ MATCH
  Layer: rajya_output    ... trace_id = trace-999 ... ✅ MATCH
  Layer: sarathi_output  ... trace_id = trace-999 ... ✅ MATCH
  Layer: core_output     ... trace_id = trace-999 ... ✅ MATCH

  Bucket persisted:       ✅ TRUE
  InsightFlow emitted:    ✅ TRUE

  Result:
    status:                   PASS
    cross_layer_integrity:    true
    provenance_continuity:    true
    observability_consistency: true
    bucket_reconstruction:    true

AUDIT 2 — Trace Drift Detection (Failure Path)
─────────────────────────────────────────────────────────────────────────────────

  Input trace_id: trace-999
  Expected: trace-999 at every layer boundary

  Layer: keshav_output   ... trace_id = trace-999     ... ✅ MATCH
  Layer: rajya_output    ... trace_id = DRIFTED-TRACE  ... ❌ DRIFT DETECTED
  
  Error raised:
    "Cross-layer Trace Drift at rajya_output: Expected trace-999, got DRIFTED-TRACE"

  Result:
    status:     FAIL
    error:      Exception — trace drift at RAJYA layer

━━━━━━━━━━━━━━━━━━━━━━━━━━━━━━━━━━━━━━━━━━━━━━━━━━━━━━━━━━━━━━━━━━━━━━━━━━━━━

DOWNSTREAM EXECUTION INTEGRITY
─────────────────────────────────────────────────────────────────────────────────

  KESHAV → RAJYA:    Zero transformation verified (same object reference)
  RAJYA  → Sarathi:  resolution_signal consumed and enforcement record emitted
  Sarathi → Core:    Action propagated from Sarathi enforcement record
  Core   → Bucket:   Truth written only on successful execution
  Bucket → InsightFlow: Observability event emitted with full trace context

  Evidence:
    keshavrRedesign-main test_rajya_consumes_keshav_output_without_failure ... PASS
    keshavrRedesign-main test_full_tantra_chain_all_layers_active ............ PASS
    keshavrRedesign-main test_full_chain_sarathi_consumes_resolution_signal .. PASS
    keshavrRedesign-main test_full_chain_core_executes_action ................ PASS

OBSERVABILITY REPLAY CONSISTENCY
─────────────────────────────────────────────────────────────────────────────────

  InsightFlow emits structured events for:
    - Successful executions (type: EXECUTION)
    - Failed executions (type: FAILURE)
    - Corrupted propagations (type: FAILURE)

  InsightFlow NEVER mutates output.
  Evidence:
    test_insightflow_does_not_mutate_keshav_output .......................... PASS
    test_insightflow_emits_structured_event ................................. PASS
    test_insightflow_shows_failure_event .................................... PASS

BUCKET RECONSTRUCTION FIDELITY
─────────────────────────────────────────────────────────────────────────────────

  Bucket stores truth keyed by trace_id.
  Reconstruction proof:
    bucket.read("trace-001")
    → Returns full keshav_output + core_output with trace_id intact

  Evidence:
    test_successful_run_stored_in_bucket .................................... PASS
    test_bucket_truth_reconstructable ....................................... PASS
    test_deterministic_replay_bucket_identical (10 runs) .................... PASS
    test_failed_runs_not_in_bucket .......................................... PASS

REPLAY-SAFE PROVENANCE CONTINUITY
─────────────────────────────────────────────────────────────────────────────────

  Provenance chain verified:
    Input.trace_id → KESHAV.trace_id → RAJYA.trace_id → Sarathi.trace_id
    → Core.trace_id → Bucket.stored.trace_id → InsightFlow.event.trace_id

  All identical. No regeneration. No mutation.
  Evidence:
    test_trace_id_identical_across_all_layers ............................... PASS

━━━━━━━━━━━━━━━━━━━━━━━━━━━━━━━━━━━━━━━━━━━━━━━━━━━━━━━━━━━━━━━━━━━━━━━━━━━━━

PYTEST EXECUTION — CROSS-LAYER TESTS
─────────────────────────────────────────────────────────────────────────────────

tests/test_cross_layer_audit.py::test_cross_layer_success         PASSED [ 50%]
tests/test_cross_layer_audit.py::test_cross_layer_drift           PASSED [100%]

============================= 2 passed ========================================

━━━━━━━━━━━━━━━━━━━━━━━━━━━━━━━━━━━━━━━━━━━━━━━━━━━━━━━━━━━━━━━━━━━━━━━━━━━━━

SUMMARY
  Layers audited:                     6 (KESHAV, RAJYA, Sarathi, Core, Bucket, InsightFlow)
  Trace continuity:                   VERIFIED across all layers
  Trace drift detection:              VERIFIED (correctly caught)
  Downstream execution integrity:     VERIFIED
  Observability replay consistency:   VERIFIED (InsightFlow is read-only)
  Bucket reconstruction fidelity:     VERIFIED (10/10 identical truths)
  Provenance continuity:              VERIFIED (trace_id immutable end-to-end)
  Supporting test evidence:           24 tantra convergence tests PASSED

AUDIT STATUS: PASS — CROSS-LAYER REPLAY INTEGRITY VERIFIED
