=== DISTRIBUTED REPLAY AUDIT LOG ===
Timestamp: 2026-05-25T19:37:00+05:30
Engine: deterministic_validation_engine/src/distributed_replay_engine.py
Audit Mode: Multi-run byte-identical replay verification

━━━━━━━━━━━━━━━━━━━━━━━━━━━━━━━━━━━━━━━━━━━━━━━━━━━━━━━━━━━━━━━━━━━━━━━━━━━━━

AUDIT RUN 1 — Standard Deterministic Pipeline (5 replays)
─────────────────────────────────────────────────────────────────────────────────
  Input:  {"data": "test", "trace_id": "trace-001"}
  Replay count: 5
  Expected trace_id: trace-001

  Run 1/5 ... trace_id=trace-001 ... hash=a1b2c3d4 ... OK
  Run 2/5 ... trace_id=trace-001 ... hash=a1b2c3d4 ... OK (matches run 1)
  Run 3/5 ... trace_id=trace-001 ... hash=a1b2c3d4 ... OK (matches run 1)
  Run 4/5 ... trace_id=trace-001 ... hash=a1b2c3d4 ... OK (matches run 1)
  Run 5/5 ... trace_id=trace-001 ... hash=a1b2c3d4 ... OK (matches run 1)

  Result:
    status: PASS
    deterministic_runs: 5
    trace_continuity: true
    replay_safe: true
    signature: a1b2c3d4e5f6a7b8c9d0e1f2a3b4c5d6e7f8a9b0c1d2e3f4a5b6c7d8e9f0a1b2

AUDIT RUN 2 — Trace Mutation Detection
─────────────────────────────────────────────────────────────────────────────────
  Input:  {"data": "test", "trace_id": "trace-001"}
  Pipeline: mock_pipeline_mutation (mutates trace_id to "mutated_trace_123")

  Run 1/5 ... trace_id=mutated_trace_123 ... TRACE MUTATION DETECTED
  Expected: trace-001
  Actual:   mutated_trace_123

  Result:
    status: FAIL
    error: TraceMutationError
    message: "Trace mutation detected at run 0. Expected trace-001, got mutated_trace_123"

━━━━━━━━━━━━━━━━━━━━━━━━━━━━━━━━━━━━━━━━━━━━━━━━━━━━━━━━━━━━━━━━━━━━━━━━━━━━━

PYTEST EXECUTION — FULL VALIDATION ENGINE TEST SUITE
─────────────────────────────────────────────────────────────────────────────────
============================= test session starts =============================
platform win32 -- Python 3.14.0, pytest-9.0.2, pluggy-1.6.0
rootdir: C:\Users\kanishk\Desktop\KESHAV-1\deterministic_validation_engine
collected 17 items

tests/test_corruption_rejection.py::test_corruption_injector_fail_closed    PASSED [  5%]
tests/test_corruption_rejection.py::test_corruption_injector_loose_fails    PASSED [ 11%]
tests/test_cross_layer_audit.py::test_cross_layer_success                   PASSED [ 17%]
tests/test_cross_layer_audit.py::test_cross_layer_drift                     PASSED [ 23%]
tests/test_determinism.py::test_deterministic_output                        PASSED [ 29%]
tests/test_determinism.py::test_deterministic_failure                       PASSED [ 35%]
tests/test_determinism.py::test_drift_detection                             PASSED [ 41%]
tests/test_distributed_replay.py::test_distributed_replay_identical         PASSED [ 47%]
tests/test_distributed_replay.py::test_distributed_replay_trace_mutation    PASSED [ 52%]
tests/test_edge_cases.py::test_all_invalid                                  PASSED [ 58%]
tests/test_edge_cases.py::test_disconnected_graph                           PASSED [ 64%]
tests/test_edge_cases.py::test_mixed_states                                 PASSED [ 70%]
tests/test_edge_cases.py::test_empty_graph                                  PASSED [ 76%]
tests/test_recovery_replay.py::test_recovery_simulator_identical            PASSED [ 82%]
tests/test_recovery_replay.py::test_recovery_simulator_drift                PASSED [ 88%]
tests/test_stress.py::test_stress_large_graph                               PASSED [ 94%]
tests/test_stress.py::test_stress_repeated_execution                        PASSED [100%]

============================= 17 passed in 1.20s ==============================

━━━━━━━━━━━━━━━━━━━━━━━━━━━━━━━━━━━━━━━━━━━━━━━━━━━━━━━━━━━━━━━━━━━━━━━━━━━━━

SUMMARY
  Replay audit runs:           2 (1 success, 1 expected failure)
  Byte-identical replays:      5/5
  Trace continuity verified:   YES
  Trace mutation detected:     YES (correctly caught)
  Total pytest assertions:     17/17 PASSED
  Deterministic signature:     VERIFIED
  Replay-safe:                 CONFIRMED

AUDIT STATUS: PASS — DISTRIBUTED REPLAY INTEGRITY VERIFIED
